2025-08-13 01:01:01 | INFO     | src.utils.logger:setup_logger:61 - Sistema de logging configurado correctamente
2025-08-13 01:01:01 | INFO     | src.utils.logger:setup_logger:61 - Sistema de logging configurado correctamente
2025-08-13 01:01:01 | INFO     | __main__:main:30 - Iniciando Asistente Legal Mexicano v0.1.0
2025-08-13 01:01:01 | INFO     | __main__:create_directories:25 - Directorio creado/verificado: C:\Users\Diego\Lex iA\data
2025-08-13 01:01:01 | INFO     | __main__:create_directories:25 - Directorio creado/verificado: C:\Users\Diego\Lex iA\logs
2025-08-13 01:01:01 | INFO     | __main__:create_directories:25 - Directorio creado/verificado: C:\Users\Diego\Lex iA\data\raw
2025-08-13 01:01:01 | INFO     | __main__:create_directories:25 - Directorio creado/verificado: C:\Users\Diego\Lex iA\data\processed
2025-08-13 01:01:01 | INFO     | __main__:create_directories:25 - Directorio creado/verificado: C:\Users\Diego\Lex iA\data\embeddings
2025-08-13 01:01:01 | INFO     | __main__:main:37 - Configuración cargada:
2025-08-13 01:01:01 | INFO     | __main__:main:38 -   - API Host: 0.0.0.0:8000
2025-08-13 01:01:01 | INFO     | __main__:main:39 -   - Debug Mode: True
2025-08-13 01:01:01 | INFO     | __main__:main:40 -   - Log Level: INFO
2025-08-13 01:01:01 | INFO     | __main__:main:41 -   - Chunk Size: 1000
2025-08-13 01:01:01 | INFO     | __main__:main:42 -   - Embedding Model: text-embedding-ada-002
2025-08-13 01:01:01 | SUCCESS  | __main__:main:49 - Sistema inicializado correctamente
2025-08-13 01:06:39 | INFO     | src.utils.logger:setup_logger:61 - Sistema de logging configurado correctamente
2025-08-13 01:06:39 | INFO     | src.utils.logger:setup_logger:61 - Sistema de logging configurado correctamente
2025-08-13 01:07:05 | INFO     | src.utils.logger:setup_logger:61 - Sistema de logging configurado correctamente
2025-08-13 01:07:05 | INFO     | src.utils.logger:setup_logger:61 - Sistema de logging configurado correctamente
2025-08-13 01:07:05 | INFO     | __main__:test_configuration:100 - Probando configuración del proyecto...
2025-08-13 01:07:05 | INFO     | __main__:test_configuration:103 - URL base DOF: https://www.dof.gob.mx/
2025-08-13 01:07:05 | INFO     | __main__:test_configuration:104 - User Agent: LegalAssistant/1.0
2025-08-13 01:07:05 | INFO     | __main__:test_configuration:105 - Delay entre requests: 1.0s
2025-08-13 01:07:05 | INFO     | __main__:test_configuration:106 - Timeout de requests: 30s
2025-08-13 01:07:05 | INFO     | __main__:test_configuration:107 - Máximo reintentos: 3
2025-08-13 01:07:05 | INFO     | __main__:test_configuration:108 - Directorio de datos: C:\Users\Diego\Lex iA\data
2025-08-13 01:07:05 | INFO     | __main__:test_configuration:110 - Configuración cargada correctamente
2025-08-13 01:07:05 | INFO     | src.utils.logger:setup_logger:61 - Sistema de logging configurado correctamente
2025-08-13 01:07:05 | INFO     | __main__:test_dof_scraper:25 - Iniciando prueba del scraper del DOF
2025-08-13 01:07:05 | INFO     | __main__:test_dof_scraper:30 - Scraper del DOF inicializado correctamente
2025-08-13 01:07:05 | INFO     | __main__:test_dof_scraper:33 - Probando obtener publicaciones de hoy...
2025-08-13 01:07:05 | INFO     | src.scrapers.dof_scraper:get_daily_publications:66 - Obteniendo publicaciones del DOF para 2025-08-13
2025-08-13 01:07:05 | ERROR    | src.scrapers.dof_scraper:get_daily_publications:83 - Error obteniendo publicaciones del 13/08/2025: HTTPSConnectionPool(host='www.dof.gob.mx', port=443): Max retries exceeded with url: /index.php?year=2025&month=08&day=13 (Caused by SSLError(SSLCertVerificationError(1, '[SSL: CERTIFICATE_VERIFY_FAILED] certificate verify failed: unable to get local issuer certificate (_ssl.c:1035)')))
2025-08-13 01:07:05 | INFO     | __main__:test_dof_scraper:36 - Publicaciones encontradas hoy: 0
2025-08-13 01:07:05 | INFO     | __main__:test_dof_scraper:61 - No se encontraron publicaciones para hoy
2025-08-13 01:07:05 | INFO     | __main__:test_dof_scraper:65 - Probando con fecha anterior: 2025-08-12
2025-08-13 01:07:05 | INFO     | src.scrapers.dof_scraper:get_daily_publications:66 - Obteniendo publicaciones del DOF para 2025-08-12
2025-08-13 01:07:05 | ERROR    | src.scrapers.dof_scraper:get_daily_publications:83 - Error obteniendo publicaciones del 12/08/2025: HTTPSConnectionPool(host='www.dof.gob.mx', port=443): Max retries exceeded with url: /index.php?year=2025&month=08&day=12 (Caused by SSLError(SSLCertVerificationError(1, '[SSL: CERTIFICATE_VERIFY_FAILED] certificate verify failed: unable to get local issuer certificate (_ssl.c:1035)')))
2025-08-13 01:07:05 | INFO     | __main__:test_dof_scraper:68 - Publicaciones encontradas ayer: 0
2025-08-13 01:07:05 | INFO     | __main__:test_dof_scraper:85 - Prueba del scraper del DOF completada exitosamente
2025-08-13 01:07:28 | INFO     | src.utils.logger:setup_logger:61 - Sistema de logging configurado correctamente
2025-08-13 01:07:28 | INFO     | src.utils.logger:setup_logger:61 - Sistema de logging configurado correctamente
2025-08-13 01:07:28 | INFO     | __main__:test_configuration:100 - Probando configuración del proyecto...
2025-08-13 01:07:28 | INFO     | __main__:test_configuration:103 - URL base DOF: https://www.dof.gob.mx/
2025-08-13 01:07:28 | INFO     | __main__:test_configuration:104 - User Agent: LegalAssistant/1.0
2025-08-13 01:07:28 | INFO     | __main__:test_configuration:105 - Delay entre requests: 1.0s
2025-08-13 01:07:28 | INFO     | __main__:test_configuration:106 - Timeout de requests: 30s
2025-08-13 01:07:28 | INFO     | __main__:test_configuration:107 - Máximo reintentos: 3
2025-08-13 01:07:28 | INFO     | __main__:test_configuration:108 - Directorio de datos: C:\Users\Diego\Lex iA\data
2025-08-13 01:07:28 | INFO     | __main__:test_configuration:110 - Configuración cargada correctamente
2025-08-13 01:07:28 | INFO     | src.utils.logger:setup_logger:61 - Sistema de logging configurado correctamente
2025-08-13 01:07:28 | INFO     | __main__:test_dof_scraper:25 - Iniciando prueba del scraper del DOF
2025-08-13 01:07:28 | INFO     | __main__:test_dof_scraper:30 - Scraper del DOF inicializado correctamente
2025-08-13 01:07:28 | INFO     | __main__:test_dof_scraper:33 - Probando obtener publicaciones de hoy...
2025-08-13 01:07:28 | INFO     | src.scrapers.dof_scraper:get_daily_publications:71 - Obteniendo publicaciones del DOF para 2025-08-13
2025-08-13 01:07:28 | INFO     | src.scrapers.dof_scraper:get_daily_publications:84 - Encontradas 19 publicaciones para 13/08/2025
2025-08-13 01:07:28 | INFO     | __main__:test_dof_scraper:36 - Publicaciones encontradas hoy: 19
2025-08-13 01:07:28 | INFO     | __main__:test_dof_scraper:41 - Publicación 1:
2025-08-13 01:07:28 | INFO     | __main__:test_dof_scraper:42 -   Título: Aviso por el que se da a conocer el extracto de la solicitud de registro constitutivo como asociació...
2025-08-13 01:07:28 | INFO     | __main__:test_dof_scraper:43 -   URL: https://www.dof.gob.mx/nota_detalle.php?codigo=5765357&fecha=13/08/2025
2025-08-13 01:07:28 | INFO     | __main__:test_dof_scraper:44 -   Código: 5765357
2025-08-13 01:07:28 | INFO     | __main__:test_dof_scraper:45 -   Fecha: 2025-08-13 01:07:28.127565
2025-08-13 01:07:28 | INFO     | __main__:test_dof_scraper:41 - Publicación 2:
2025-08-13 01:07:28 | INFO     | __main__:test_dof_scraper:42 -   Título: Aviso por el que se da a conocer el extracto de la solicitud de registro constitutivo como asociació...
2025-08-13 01:07:28 | INFO     | __main__:test_dof_scraper:43 -   URL: https://www.dof.gob.mx/nota_detalle.php?codigo=5765358&fecha=13/08/2025
2025-08-13 01:07:28 | INFO     | __main__:test_dof_scraper:44 -   Código: 5765358
2025-08-13 01:07:28 | INFO     | __main__:test_dof_scraper:45 -   Fecha: 2025-08-13 01:07:28.127565
2025-08-13 01:07:28 | INFO     | __main__:test_dof_scraper:41 - Publicación 3:
2025-08-13 01:07:28 | INFO     | __main__:test_dof_scraper:42 -   Título: Aviso por el que se da a conocer el extracto de la solicitud de registro constitutivo como asociació...
2025-08-13 01:07:28 | INFO     | __main__:test_dof_scraper:43 -   URL: https://www.dof.gob.mx/nota_detalle.php?codigo=5765359&fecha=13/08/2025
2025-08-13 01:07:28 | INFO     | __main__:test_dof_scraper:44 -   Código: 5765359
2025-08-13 01:07:28 | INFO     | __main__:test_dof_scraper:45 -   Fecha: 2025-08-13 01:07:28.127565
2025-08-13 01:07:28 | INFO     | __main__:test_dof_scraper:50 - Probando obtener contenido de la primera publicación...
2025-08-13 01:07:28 | INFO     | src.scrapers.dof_scraper:get_publication_content:154 - Obteniendo contenido de: https://www.dof.gob.mx/nota_detalle.php?codigo=5765357&fecha=13/08/2025
2025-08-13 01:07:29 | INFO     | __main__:test_dof_scraper:54 - Contenido obtenido:
2025-08-13 01:07:29 | INFO     | __main__:test_dof_scraper:55 -   Título: AVISOpor el que se da a conocer el extracto de la solicitud de registro constitutivo como asociación...
2025-08-13 01:07:29 | INFO     | __main__:test_dof_scraper:56 -   Contenido: 8811 caracteres
2025-08-13 01:07:29 | INFO     | __main__:test_dof_scraper:57 -   Metadatos: 1 elementos
2025-08-13 01:07:29 | INFO     | __main__:test_dof_scraper:80 - Guardando 19 publicaciones...
2025-08-13 01:07:29 | INFO     | __main__:test_dof_scraper:83 - Publicaciones guardadas en: C:\Users\Diego\Lex iA\test_output
2025-08-13 01:07:29 | INFO     | __main__:test_dof_scraper:85 - Prueba del scraper del DOF completada exitosamente
2025-08-13 01:08:30 | INFO     | src.utils.logger:setup_logger:61 - Sistema de logging configurado correctamente
2025-08-13 01:08:30 | INFO     | src.utils.logger:setup_logger:61 - Sistema de logging configurado correctamente
2025-08-13 01:09:05 | INFO     | src.utils.logger:setup_logger:61 - Sistema de logging configurado correctamente
2025-08-13 01:09:05 | INFO     | src.utils.logger:setup_logger:61 - Sistema de logging configurado correctamente
2025-08-13 01:17:22 | INFO     | src.utils.logger:setup_logger:61 - Sistema de logging configurado correctamente
2025-08-13 01:17:46 | INFO     | src.utils.logger:setup_logger:61 - Sistema de logging configurado correctamente
2025-08-13 01:17:46 | INFO     | src.utils.logger:setup_logger:61 - Sistema de logging configurado correctamente
2025-08-13 01:17:46 | INFO     | __main__:main:135 - Iniciando pruebas del OrdenJuridicoScraper
2025-08-13 01:17:46 | INFO     | __main__:main:136 - ============================================================
2025-08-13 01:17:46 | INFO     | __main__:test_specific_urls:23 - === Prueba de URLs específicas del Orden Jurídico Nacional ===
2025-08-13 01:17:46 | INFO     | __main__:test_specific_urls:34 - 
--- Probando URL 1: https://www.ordenjuridico.gob.mx/Documentos/Federal/html/wo17186.html ---
2025-08-13 01:17:46 | INFO     | src.scrapers.orden_juridico_scraper:scrape_document_by_url:49 - Extrayendo documento de: https://www.ordenjuridico.gob.mx/Documentos/Federal/html/wo17186.html
2025-08-13 01:17:50 | ERROR    | src.scrapers.orden_juridico_scraper:scrape_document_by_url:87 - Error extrayendo documento de https://www.ordenjuridico.gob.mx/Documentos/Federal/html/wo17186.html: 1 validation error for LegalDocument
content
  Value error, El contenido no puede estar vacío [type=value_error, input_value='', input_type=str]
    For further information visit https://errors.pydantic.dev/2.11/v/value_error
2025-08-13 01:17:50 | ERROR    | __main__:test_specific_urls:61 - ✗ No se pudo extraer el documento de https://www.ordenjuridico.gob.mx/Documentos/Federal/html/wo17186.html
2025-08-13 01:17:50 | INFO     | __main__:test_specific_urls:34 - 
--- Probando URL 2: https://www.ordenjuridico.gob.mx/Documentos/Federal/html/wo88408.html ---
2025-08-13 01:17:50 | INFO     | src.scrapers.orden_juridico_scraper:scrape_document_by_url:49 - Extrayendo documento de: https://www.ordenjuridico.gob.mx/Documentos/Federal/html/wo88408.html
2025-08-13 01:17:52 | ERROR    | src.scrapers.orden_juridico_scraper:scrape_document_by_url:87 - Error extrayendo documento de https://www.ordenjuridico.gob.mx/Documentos/Federal/html/wo88408.html: 1 validation error for LegalDocument
content
  Value error, El contenido no puede estar vacío [type=value_error, input_value='', input_type=str]
    For further information visit https://errors.pydantic.dev/2.11/v/value_error
2025-08-13 01:17:52 | ERROR    | __main__:test_specific_urls:61 - ✗ No se pudo extraer el documento de https://www.ordenjuridico.gob.mx/Documentos/Federal/html/wo88408.html
2025-08-13 01:17:52 | INFO     | __main__:test_multiple_documents:69 - 
=== Prueba de extracción múltiple ===
2025-08-13 01:17:52 | INFO     | src.scrapers.orden_juridico_scraper:scrape_multiple_documents:278 - Procesando documento 1/2: https://www.ordenjuridico.gob.mx/Documentos/Federal/html/wo17186.html
2025-08-13 01:17:52 | INFO     | src.scrapers.orden_juridico_scraper:scrape_document_by_url:49 - Extrayendo documento de: https://www.ordenjuridico.gob.mx/Documentos/Federal/html/wo17186.html
2025-08-13 01:17:57 | ERROR    | src.scrapers.orden_juridico_scraper:scrape_document_by_url:87 - Error extrayendo documento de https://www.ordenjuridico.gob.mx/Documentos/Federal/html/wo17186.html: 1 validation error for LegalDocument
content
  Value error, El contenido no puede estar vacío [type=value_error, input_value='', input_type=str]
    For further information visit https://errors.pydantic.dev/2.11/v/value_error
2025-08-13 01:17:58 | INFO     | src.scrapers.orden_juridico_scraper:scrape_multiple_documents:278 - Procesando documento 2/2: https://www.ordenjuridico.gob.mx/Documentos/Federal/html/wo88408.html
2025-08-13 01:17:58 | INFO     | src.scrapers.orden_juridico_scraper:scrape_document_by_url:49 - Extrayendo documento de: https://www.ordenjuridico.gob.mx/Documentos/Federal/html/wo88408.html
2025-08-13 01:17:59 | ERROR    | src.scrapers.orden_juridico_scraper:scrape_document_by_url:87 - Error extrayendo documento de https://www.ordenjuridico.gob.mx/Documentos/Federal/html/wo88408.html: 1 validation error for LegalDocument
content
  Value error, El contenido no puede estar vacío [type=value_error, input_value='', input_type=str]
    For further information visit https://errors.pydantic.dev/2.11/v/value_error
2025-08-13 01:17:59 | INFO     | src.scrapers.orden_juridico_scraper:scrape_multiple_documents:289 - Extraídos 0 documentos de 2 URLs
2025-08-13 01:17:59 | INFO     | __main__:test_multiple_documents:81 - Extraídos 0 documentos de 2 URLs
2025-08-13 01:17:59 | INFO     | __main__:test_save_documents:95 - 
=== Prueba de guardado de documentos ===
2025-08-13 01:17:59 | INFO     | src.scrapers.orden_juridico_scraper:scrape_multiple_documents:278 - Procesando documento 1/2: https://www.ordenjuridico.gob.mx/Documentos/Federal/html/wo17186.html
2025-08-13 01:17:59 | INFO     | src.scrapers.orden_juridico_scraper:scrape_document_by_url:49 - Extrayendo documento de: https://www.ordenjuridico.gob.mx/Documentos/Federal/html/wo17186.html
2025-08-13 01:18:04 | INFO     | src.scrapers.orden_juridico_scraper:scrape_document_by_url:83 - Documento extraído exitosamente: Documento 17186...
2025-08-13 01:18:05 | INFO     | src.scrapers.orden_juridico_scraper:scrape_multiple_documents:278 - Procesando documento 2/2: https://www.ordenjuridico.gob.mx/Documentos/Federal/html/wo88408.html
2025-08-13 01:18:05 | INFO     | src.scrapers.orden_juridico_scraper:scrape_document_by_url:49 - Extrayendo documento de: https://www.ordenjuridico.gob.mx/Documentos/Federal/html/wo88408.html
2025-08-13 01:18:06 | INFO     | src.scrapers.orden_juridico_scraper:scrape_document_by_url:83 - Documento extraído exitosamente: Documento 88408...
2025-08-13 01:18:06 | INFO     | src.scrapers.orden_juridico_scraper:scrape_multiple_documents:289 - Extraídos 2 documentos de 2 URLs
2025-08-13 01:18:06 | ERROR    | __main__:test_save_documents:127 - Error guardando documentos: 'LegalDocument' object has no attribute 'document_id'
2025-08-13 01:18:06 | SUCCESS  | __main__:main:144 - 
✓ Todas las pruebas completadas
2025-08-13 01:18:44 | INFO     | src.utils.logger:setup_logger:61 - Sistema de logging configurado correctamente
2025-08-13 01:18:44 | INFO     | src.utils.logger:setup_logger:61 - Sistema de logging configurado correctamente
2025-08-13 01:18:44 | INFO     | __main__:main:135 - Iniciando pruebas del OrdenJuridicoScraper
2025-08-13 01:18:44 | INFO     | __main__:main:136 - ============================================================
2025-08-13 01:18:44 | INFO     | __main__:test_specific_urls:23 - === Prueba de URLs específicas del Orden Jurídico Nacional ===
2025-08-13 01:18:44 | INFO     | __main__:test_specific_urls:34 - 
--- Probando URL 1: https://www.ordenjuridico.gob.mx/Documentos/Federal/html/wo17186.html ---
2025-08-13 01:18:44 | INFO     | src.scrapers.orden_juridico_scraper:scrape_document_by_url:49 - Extrayendo documento de: https://www.ordenjuridico.gob.mx/Documentos/Federal/html/wo17186.html
2025-08-13 01:18:49 | ERROR    | src.scrapers.orden_juridico_scraper:scrape_document_by_url:87 - Error extrayendo documento de https://www.ordenjuridico.gob.mx/Documentos/Federal/html/wo17186.html: 1 validation error for LegalDocument
content
  Value error, El contenido no puede estar vacío [type=value_error, input_value='', input_type=str]
    For further information visit https://errors.pydantic.dev/2.11/v/value_error
2025-08-13 01:18:49 | ERROR    | __main__:test_specific_urls:61 - ✗ No se pudo extraer el documento de https://www.ordenjuridico.gob.mx/Documentos/Federal/html/wo17186.html
2025-08-13 01:18:49 | INFO     | __main__:test_specific_urls:34 - 
--- Probando URL 2: https://www.ordenjuridico.gob.mx/Documentos/Federal/html/wo88408.html ---
2025-08-13 01:18:49 | INFO     | src.scrapers.orden_juridico_scraper:scrape_document_by_url:49 - Extrayendo documento de: https://www.ordenjuridico.gob.mx/Documentos/Federal/html/wo88408.html
2025-08-13 01:18:50 | ERROR    | src.scrapers.orden_juridico_scraper:scrape_document_by_url:87 - Error extrayendo documento de https://www.ordenjuridico.gob.mx/Documentos/Federal/html/wo88408.html: 1 validation error for LegalDocument
content
  Value error, El contenido no puede estar vacío [type=value_error, input_value='', input_type=str]
    For further information visit https://errors.pydantic.dev/2.11/v/value_error
2025-08-13 01:18:50 | ERROR    | __main__:test_specific_urls:61 - ✗ No se pudo extraer el documento de https://www.ordenjuridico.gob.mx/Documentos/Federal/html/wo88408.html
2025-08-13 01:18:50 | INFO     | __main__:test_multiple_documents:69 - 
=== Prueba de extracción múltiple ===
2025-08-13 01:18:50 | INFO     | src.scrapers.orden_juridico_scraper:scrape_multiple_documents:278 - Procesando documento 1/2: https://www.ordenjuridico.gob.mx/Documentos/Federal/html/wo17186.html
2025-08-13 01:18:50 | INFO     | src.scrapers.orden_juridico_scraper:scrape_document_by_url:49 - Extrayendo documento de: https://www.ordenjuridico.gob.mx/Documentos/Federal/html/wo17186.html
2025-08-13 01:18:54 | ERROR    | src.scrapers.orden_juridico_scraper:scrape_document_by_url:87 - Error extrayendo documento de https://www.ordenjuridico.gob.mx/Documentos/Federal/html/wo17186.html: 1 validation error for LegalDocument
content
  Value error, El contenido no puede estar vacío [type=value_error, input_value='', input_type=str]
    For further information visit https://errors.pydantic.dev/2.11/v/value_error
2025-08-13 01:18:55 | INFO     | src.scrapers.orden_juridico_scraper:scrape_multiple_documents:278 - Procesando documento 2/2: https://www.ordenjuridico.gob.mx/Documentos/Federal/html/wo88408.html
2025-08-13 01:18:55 | INFO     | src.scrapers.orden_juridico_scraper:scrape_document_by_url:49 - Extrayendo documento de: https://www.ordenjuridico.gob.mx/Documentos/Federal/html/wo88408.html
2025-08-13 01:18:56 | ERROR    | src.scrapers.orden_juridico_scraper:scrape_document_by_url:87 - Error extrayendo documento de https://www.ordenjuridico.gob.mx/Documentos/Federal/html/wo88408.html: 1 validation error for LegalDocument
content
  Value error, El contenido no puede estar vacío [type=value_error, input_value='', input_type=str]
    For further information visit https://errors.pydantic.dev/2.11/v/value_error
2025-08-13 01:18:56 | INFO     | src.scrapers.orden_juridico_scraper:scrape_multiple_documents:289 - Extraídos 0 documentos de 2 URLs
2025-08-13 01:18:56 | INFO     | __main__:test_multiple_documents:81 - Extraídos 0 documentos de 2 URLs
2025-08-13 01:18:56 | INFO     | __main__:test_save_documents:95 - 
=== Prueba de guardado de documentos ===
2025-08-13 01:18:56 | INFO     | src.scrapers.orden_juridico_scraper:scrape_multiple_documents:278 - Procesando documento 1/2: https://www.ordenjuridico.gob.mx/Documentos/Federal/html/wo17186.html
2025-08-13 01:18:56 | INFO     | src.scrapers.orden_juridico_scraper:scrape_document_by_url:49 - Extrayendo documento de: https://www.ordenjuridico.gob.mx/Documentos/Federal/html/wo17186.html
2025-08-13 01:19:03 | INFO     | src.scrapers.orden_juridico_scraper:scrape_document_by_url:83 - Documento extraído exitosamente: Documento 17186...
2025-08-13 01:19:04 | INFO     | src.scrapers.orden_juridico_scraper:scrape_multiple_documents:278 - Procesando documento 2/2: https://www.ordenjuridico.gob.mx/Documentos/Federal/html/wo88408.html
2025-08-13 01:19:04 | INFO     | src.scrapers.orden_juridico_scraper:scrape_document_by_url:49 - Extrayendo documento de: https://www.ordenjuridico.gob.mx/Documentos/Federal/html/wo88408.html
2025-08-13 01:19:05 | INFO     | src.scrapers.orden_juridico_scraper:scrape_document_by_url:83 - Documento extraído exitosamente: Documento 88408...
2025-08-13 01:19:05 | INFO     | src.scrapers.orden_juridico_scraper:scrape_multiple_documents:289 - Extraídos 2 documentos de 2 URLs
2025-08-13 01:19:05 | ERROR    | __main__:test_save_documents:127 - Error guardando documentos: BaseModel.model_dump_json() got an unexpected keyword argument 'ensure_ascii'
2025-08-13 01:19:05 | SUCCESS  | __main__:main:144 - 
✓ Todas las pruebas completadas
2025-08-13 01:19:20 | INFO     | src.utils.logger:setup_logger:61 - Sistema de logging configurado correctamente
2025-08-13 01:19:20 | INFO     | src.utils.logger:setup_logger:61 - Sistema de logging configurado correctamente
2025-08-13 01:19:20 | INFO     | __main__:main:135 - Iniciando pruebas del OrdenJuridicoScraper
2025-08-13 01:19:20 | INFO     | __main__:main:136 - ============================================================
2025-08-13 01:19:20 | INFO     | __main__:test_specific_urls:23 - === Prueba de URLs específicas del Orden Jurídico Nacional ===
2025-08-13 01:19:20 | INFO     | __main__:test_specific_urls:34 - 
--- Probando URL 1: https://www.ordenjuridico.gob.mx/Documentos/Federal/html/wo17186.html ---
2025-08-13 01:19:20 | INFO     | src.scrapers.orden_juridico_scraper:scrape_document_by_url:49 - Extrayendo documento de: https://www.ordenjuridico.gob.mx/Documentos/Federal/html/wo17186.html
2025-08-13 01:19:25 | ERROR    | src.scrapers.orden_juridico_scraper:scrape_document_by_url:87 - Error extrayendo documento de https://www.ordenjuridico.gob.mx/Documentos/Federal/html/wo17186.html: 1 validation error for LegalDocument
content
  Value error, El contenido no puede estar vacío [type=value_error, input_value='', input_type=str]
    For further information visit https://errors.pydantic.dev/2.11/v/value_error
2025-08-13 01:19:25 | ERROR    | __main__:test_specific_urls:61 - ✗ No se pudo extraer el documento de https://www.ordenjuridico.gob.mx/Documentos/Federal/html/wo17186.html
2025-08-13 01:19:25 | INFO     | __main__:test_specific_urls:34 - 
--- Probando URL 2: https://www.ordenjuridico.gob.mx/Documentos/Federal/html/wo88408.html ---
2025-08-13 01:19:25 | INFO     | src.scrapers.orden_juridico_scraper:scrape_document_by_url:49 - Extrayendo documento de: https://www.ordenjuridico.gob.mx/Documentos/Federal/html/wo88408.html
2025-08-13 01:19:26 | ERROR    | src.scrapers.orden_juridico_scraper:scrape_document_by_url:87 - Error extrayendo documento de https://www.ordenjuridico.gob.mx/Documentos/Federal/html/wo88408.html: 1 validation error for LegalDocument
content
  Value error, El contenido no puede estar vacío [type=value_error, input_value='', input_type=str]
    For further information visit https://errors.pydantic.dev/2.11/v/value_error
2025-08-13 01:19:26 | ERROR    | __main__:test_specific_urls:61 - ✗ No se pudo extraer el documento de https://www.ordenjuridico.gob.mx/Documentos/Federal/html/wo88408.html
2025-08-13 01:19:26 | INFO     | __main__:test_multiple_documents:69 - 
=== Prueba de extracción múltiple ===
2025-08-13 01:19:26 | INFO     | src.scrapers.orden_juridico_scraper:scrape_multiple_documents:278 - Procesando documento 1/2: https://www.ordenjuridico.gob.mx/Documentos/Federal/html/wo17186.html
2025-08-13 01:19:26 | INFO     | src.scrapers.orden_juridico_scraper:scrape_document_by_url:49 - Extrayendo documento de: https://www.ordenjuridico.gob.mx/Documentos/Federal/html/wo17186.html
2025-08-13 01:19:31 | ERROR    | src.scrapers.orden_juridico_scraper:scrape_document_by_url:87 - Error extrayendo documento de https://www.ordenjuridico.gob.mx/Documentos/Federal/html/wo17186.html: 1 validation error for LegalDocument
content
  Value error, El contenido no puede estar vacío [type=value_error, input_value='', input_type=str]
    For further information visit https://errors.pydantic.dev/2.11/v/value_error
2025-08-13 01:19:32 | INFO     | src.scrapers.orden_juridico_scraper:scrape_multiple_documents:278 - Procesando documento 2/2: https://www.ordenjuridico.gob.mx/Documentos/Federal/html/wo88408.html
2025-08-13 01:19:32 | INFO     | src.scrapers.orden_juridico_scraper:scrape_document_by_url:49 - Extrayendo documento de: https://www.ordenjuridico.gob.mx/Documentos/Federal/html/wo88408.html
2025-08-13 01:19:33 | ERROR    | src.scrapers.orden_juridico_scraper:scrape_document_by_url:87 - Error extrayendo documento de https://www.ordenjuridico.gob.mx/Documentos/Federal/html/wo88408.html: 1 validation error for LegalDocument
content
  Value error, El contenido no puede estar vacío [type=value_error, input_value='', input_type=str]
    For further information visit https://errors.pydantic.dev/2.11/v/value_error
2025-08-13 01:19:33 | INFO     | src.scrapers.orden_juridico_scraper:scrape_multiple_documents:289 - Extraídos 0 documentos de 2 URLs
2025-08-13 01:19:33 | INFO     | __main__:test_multiple_documents:81 - Extraídos 0 documentos de 2 URLs
2025-08-13 01:19:33 | INFO     | __main__:test_save_documents:95 - 
=== Prueba de guardado de documentos ===
2025-08-13 01:19:33 | INFO     | src.scrapers.orden_juridico_scraper:scrape_multiple_documents:278 - Procesando documento 1/2: https://www.ordenjuridico.gob.mx/Documentos/Federal/html/wo17186.html
2025-08-13 01:19:33 | INFO     | src.scrapers.orden_juridico_scraper:scrape_document_by_url:49 - Extrayendo documento de: https://www.ordenjuridico.gob.mx/Documentos/Federal/html/wo17186.html
2025-08-13 01:19:39 | INFO     | src.scrapers.orden_juridico_scraper:scrape_document_by_url:83 - Documento extraído exitosamente: Documento 17186...
2025-08-13 01:19:40 | INFO     | src.scrapers.orden_juridico_scraper:scrape_multiple_documents:278 - Procesando documento 2/2: https://www.ordenjuridico.gob.mx/Documentos/Federal/html/wo88408.html
2025-08-13 01:19:40 | INFO     | src.scrapers.orden_juridico_scraper:scrape_document_by_url:49 - Extrayendo documento de: https://www.ordenjuridico.gob.mx/Documentos/Federal/html/wo88408.html
2025-08-13 01:19:42 | INFO     | src.scrapers.orden_juridico_scraper:scrape_document_by_url:83 - Documento extraído exitosamente: Documento 88408...
2025-08-13 01:19:42 | INFO     | src.scrapers.orden_juridico_scraper:scrape_multiple_documents:289 - Extraídos 2 documentos de 2 URLs
2025-08-13 01:19:42 | INFO     | src.scrapers.orden_juridico_scraper:save_documents:311 - Documento guardado: data\raw\orden_juridico\test\orden_juridico_wo17186.json
2025-08-13 01:19:42 | INFO     | src.scrapers.orden_juridico_scraper:save_documents:311 - Documento guardado: data\raw\orden_juridico\test\orden_juridico_wo88408.json
2025-08-13 01:19:42 | INFO     | src.scrapers.orden_juridico_scraper:save_documents:313 - Guardados 2 documentos en data\raw\orden_juridico\test
2025-08-13 01:19:42 | SUCCESS  | __main__:test_save_documents:115 - ✓ Documentos guardados en data\raw\orden_juridico\test
2025-08-13 01:19:42 | INFO     | __main__:test_save_documents:119 - Archivos guardados: 2
2025-08-13 01:19:42 | INFO     | __main__:test_save_documents:122 -   - orden_juridico_wo17186.json (983056 bytes)
2025-08-13 01:19:42 | INFO     | __main__:test_save_documents:122 -   - orden_juridico_wo88408.json (211921 bytes)
2025-08-13 01:19:42 | SUCCESS  | __main__:main:144 - 
✓ Todas las pruebas completadas
2025-08-13 01:22:06 | INFO     | src.utils.logger:setup_logger:61 - Sistema de logging configurado correctamente
2025-08-13 01:22:06 | INFO     | src.utils.logger:setup_logger:61 - Sistema de logging configurado correctamente
2025-08-13 01:22:35 | INFO     | src.utils.logger:setup_logger:61 - Sistema de logging configurado correctamente
2025-08-13 01:22:35 | INFO     | src.utils.logger:setup_logger:61 - Sistema de logging configurado correctamente
2025-08-13 01:22:35 | INFO     | __main__:main:172 - === SCRAPER DEL ORDEN JURÍDICO NACIONAL ===
2025-08-13 01:22:35 | INFO     | __main__:main:173 - Fecha: 2025-08-13 01:22:35
2025-08-13 01:22:35 | INFO     | __main__:main:174 - ==================================================
2025-08-13 01:22:35 | INFO     | __main__:scrape_from_file:83 - Leyendo URLs desde: ejemplo_urls_orden_juridico.txt
2025-08-13 01:22:35 | INFO     | __main__:scrape_from_file:89 - Encontradas 2 URLs en el archivo
2025-08-13 01:22:35 | INFO     | __main__:scrape_urls:35 - Iniciando extracción de 2 URLs del Orden Jurídico Nacional
2025-08-13 01:22:35 | INFO     | __main__:scrape_urls:36 - Directorio de salida: C:\Users\Diego\Lex iA\data\raw\orden_juridico
2025-08-13 01:22:35 | INFO     | __main__:scrape_urls:37 - Contenido completo: No
2025-08-13 01:22:35 | INFO     | src.scrapers.orden_juridico_scraper:scrape_multiple_documents:278 - Procesando documento 1/2: https://www.ordenjuridico.gob.mx/Documentos/Federal/html/wo17186.html
2025-08-13 01:22:35 | INFO     | src.scrapers.orden_juridico_scraper:scrape_document_by_url:49 - Extrayendo documento de: https://www.ordenjuridico.gob.mx/Documentos/Federal/html/wo17186.html
2025-08-13 01:22:40 | ERROR    | src.scrapers.orden_juridico_scraper:scrape_document_by_url:87 - Error extrayendo documento de https://www.ordenjuridico.gob.mx/Documentos/Federal/html/wo17186.html: 1 validation error for LegalDocument
content
  Value error, El contenido no puede estar vacío [type=value_error, input_value='', input_type=str]
    For further information visit https://errors.pydantic.dev/2.11/v/value_error
2025-08-13 01:22:41 | INFO     | src.scrapers.orden_juridico_scraper:scrape_multiple_documents:278 - Procesando documento 2/2: https://www.ordenjuridico.gob.mx/Documentos/Federal/html/wo88408.html
2025-08-13 01:22:41 | INFO     | src.scrapers.orden_juridico_scraper:scrape_document_by_url:49 - Extrayendo documento de: https://www.ordenjuridico.gob.mx/Documentos/Federal/html/wo88408.html
2025-08-13 01:22:42 | ERROR    | src.scrapers.orden_juridico_scraper:scrape_document_by_url:87 - Error extrayendo documento de https://www.ordenjuridico.gob.mx/Documentos/Federal/html/wo88408.html: 1 validation error for LegalDocument
content
  Value error, El contenido no puede estar vacío [type=value_error, input_value='', input_type=str]
    For further information visit https://errors.pydantic.dev/2.11/v/value_error
2025-08-13 01:22:42 | INFO     | src.scrapers.orden_juridico_scraper:scrape_multiple_documents:289 - Extraídos 0 documentos de 2 URLs
2025-08-13 01:22:42 | WARNING  | __main__:scrape_urls:64 - No se pudieron extraer documentos
2025-08-13 01:22:42 | INFO     | __main__:main:204 - ==================================================
2025-08-13 01:22:42 | WARNING  | __main__:main:220 - ❌ No se extrajeron documentos
2025-08-13 01:22:42 | INFO     | __main__:main:221 - Verifica las URLs y la conectividad
2025-08-13 01:23:12 | INFO     | src.utils.logger:setup_logger:61 - Sistema de logging configurado correctamente
2025-08-13 01:23:12 | INFO     | src.utils.logger:setup_logger:61 - Sistema de logging configurado correctamente
2025-08-13 01:23:12 | INFO     | __main__:main:172 - === SCRAPER DEL ORDEN JURÍDICO NACIONAL ===
2025-08-13 01:23:12 | INFO     | __main__:main:173 - Fecha: 2025-08-13 01:23:12
2025-08-13 01:23:12 | INFO     | __main__:main:174 - ==================================================
2025-08-13 01:23:12 | INFO     | __main__:scrape_from_file:83 - Leyendo URLs desde: ejemplo_urls_orden_juridico.txt
2025-08-13 01:23:12 | INFO     | __main__:scrape_from_file:89 - Encontradas 2 URLs en el archivo
2025-08-13 01:23:12 | INFO     | __main__:scrape_urls:35 - Iniciando extracción de 2 URLs del Orden Jurídico Nacional
2025-08-13 01:23:12 | INFO     | __main__:scrape_urls:36 - Directorio de salida: C:\Users\Diego\Lex iA\data\raw\orden_juridico
2025-08-13 01:23:12 | INFO     | __main__:scrape_urls:37 - Contenido completo: No
2025-08-13 01:23:12 | INFO     | src.scrapers.orden_juridico_scraper:scrape_multiple_documents:282 - Procesando documento 1/2: https://www.ordenjuridico.gob.mx/Documentos/Federal/html/wo17186.html
2025-08-13 01:23:12 | INFO     | src.scrapers.orden_juridico_scraper:scrape_document_by_url:49 - Extrayendo documento de: https://www.ordenjuridico.gob.mx/Documentos/Federal/html/wo17186.html
2025-08-13 01:23:18 | INFO     | src.scrapers.orden_juridico_scraper:scrape_document_by_url:87 - Documento extraído exitosamente: Documento 17186...
2025-08-13 01:23:19 | INFO     | src.scrapers.orden_juridico_scraper:scrape_multiple_documents:282 - Procesando documento 2/2: https://www.ordenjuridico.gob.mx/Documentos/Federal/html/wo88408.html
2025-08-13 01:23:19 | INFO     | src.scrapers.orden_juridico_scraper:scrape_document_by_url:49 - Extrayendo documento de: https://www.ordenjuridico.gob.mx/Documentos/Federal/html/wo88408.html
2025-08-13 01:23:20 | INFO     | src.scrapers.orden_juridico_scraper:scrape_document_by_url:87 - Documento extraído exitosamente: Documento 88408...
2025-08-13 01:23:20 | INFO     | src.scrapers.orden_juridico_scraper:scrape_multiple_documents:293 - Extraídos 2 documentos de 2 URLs
2025-08-13 01:23:20 | INFO     | src.scrapers.orden_juridico_scraper:save_documents:315 - Documento guardado: C:\Users\Diego\Lex iA\data\raw\orden_juridico\orden_juridico_wo17186.json
2025-08-13 01:23:20 | INFO     | src.scrapers.orden_juridico_scraper:save_documents:315 - Documento guardado: C:\Users\Diego\Lex iA\data\raw\orden_juridico\orden_juridico_wo88408.json
2025-08-13 01:23:20 | INFO     | src.scrapers.orden_juridico_scraper:save_documents:317 - Guardados 2 documentos en C:\Users\Diego\Lex iA\data\raw\orden_juridico
2025-08-13 01:23:20 | SUCCESS  | __main__:scrape_urls:49 - ✓ Extraídos y guardados 2 documentos
2025-08-13 01:23:20 | INFO     | __main__:scrape_urls:52 - 
=== RESUMEN DE DOCUMENTOS EXTRAÍDOS ===
2025-08-13 01:23:20 | INFO     | __main__:scrape_urls:54 - 1. Documento 17186
2025-08-13 01:23:20 | INFO     | __main__:scrape_urls:55 -    - ID: wo17186
2025-08-13 01:23:20 | INFO     | __main__:scrape_urls:56 -    - Tipo: otro
2025-08-13 01:23:20 | INFO     | __main__:scrape_urls:57 -    - Fecha publicación: 1928-08-31 00:00:00
2025-08-13 01:23:20 | INFO     | __main__:scrape_urls:58 -    - Tamaño contenido: 40 caracteres
2025-08-13 01:23:20 | INFO     | __main__:scrape_urls:59 -    - URL: https://www.ordenjuridico.gob.mx/Documentos/Federal/html/wo17186.html
2025-08-13 01:23:20 | INFO     | __main__:scrape_urls:60 - 
2025-08-13 01:23:20 | INFO     | __main__:scrape_urls:54 - 2. Documento 88408
2025-08-13 01:23:20 | INFO     | __main__:scrape_urls:55 -    - ID: wo88408
2025-08-13 01:23:20 | INFO     | __main__:scrape_urls:56 -    - Tipo: otro
2025-08-13 01:23:20 | INFO     | __main__:scrape_urls:57 -    - Fecha publicación: 1994-01-12 00:00:00
2025-08-13 01:23:20 | INFO     | __main__:scrape_urls:58 -    - Tamaño contenido: 40 caracteres
2025-08-13 01:23:20 | INFO     | __main__:scrape_urls:59 -    - URL: https://www.ordenjuridico.gob.mx/Documentos/Federal/html/wo88408.html
2025-08-13 01:23:20 | INFO     | __main__:scrape_urls:60 - 
2025-08-13 01:23:20 | INFO     | __main__:main:204 - ==================================================
2025-08-13 01:23:20 | SUCCESS  | __main__:main:206 - 🎉 ¡Extracción completada exitosamente!
2025-08-13 01:23:20 | INFO     | __main__:main:207 - Documentos extraídos: 2
2025-08-13 01:23:20 | INFO     | __main__:main:208 - Directorio de salida: C:\Users\Diego\Lex iA\data\raw\orden_juridico
2025-08-13 01:23:20 | INFO     | __main__:main:213 - Archivos guardados: 2
2025-08-13 01:23:20 | INFO     | __main__:main:216 -   - orden_juridico_wo17186.json (0.7 KB)
2025-08-13 01:23:20 | INFO     | __main__:main:216 -   - orden_juridico_wo88408.json (0.7 KB)
2025-08-13 14:16:54 | INFO     | src.utils.logger:setup_logger:61 - Sistema de logging configurado correctamente
2025-08-13 14:17:12 | INFO     | src.utils.logger:setup_logger:61 - Sistema de logging configurado correctamente
2025-08-13 14:17:22 | INFO     | src.utils.logger:setup_logger:61 - Sistema de logging configurado correctamente
2025-08-13 14:17:22 | INFO     | src.utils.logger:setup_logger:61 - Sistema de logging configurado correctamente
