2025-08-13 13:58:40,173 - INFO - Inicializando modelo de embeddings: sentence-transformers/all-MiniLM-L6-v2
2025-08-13 13:58:40,175 - INFO - Use pytorch device_name: cpu
2025-08-13 13:58:40,176 - INFO - Load pretrained SentenceTransformer: all-MiniLM-L6-v2
2025-08-13 13:58:43,447 - WARNING - Xet Storage is enabled for this repo, but the 'hf_xet' package is not installed. Falling back to regular HTTP download. For better performance, install the package with: `pip install huggingface_hub[hf_xet]` or `pip install hf_xet`
2025-08-13 14:00:21,674 - INFO - Modelo all-MiniLM-L6-v2 cargado. Dimensión: 384
2025-08-13 14:00:21,675 - INFO - Conectando con Pinecone...
2025-08-13 14:00:21,676 - INFO - Conexión exitosa con Pinecone
2025-08-13 14:00:25,789 - INFO - Creando índice 'legal-documents-mx' con dimensión 384
2025-08-13 14:00:32,178 - INFO - Esperando a que el índice esté listo...
2025-08-13 14:00:32,446 - INFO - Índice 'legal-documents-mx' creado exitosamente
2025-08-13 14:21:36,344 - INFO - Inicializando modelo de embeddings: sentence-transformers/all-MiniLM-L6-v2
2025-08-13 14:21:36,346 - INFO - Use pytorch device_name: cpu
2025-08-13 14:21:36,346 - INFO - Load pretrained SentenceTransformer: all-MiniLM-L6-v2
2025-08-13 14:21:40,254 - INFO - Modelo all-MiniLM-L6-v2 cargado. Dimensión: 384
2025-08-13 14:21:40,255 - INFO - Conectando con Pinecone...
2025-08-13 14:21:40,257 - INFO - Conexión exitosa con Pinecone
2025-08-13 14:21:40,263 - INFO - Use pytorch device_name: cpu
2025-08-13 14:21:40,263 - INFO - Load pretrained SentenceTransformer: all-MiniLM-L6-v2
2025-08-13 14:21:43,780 - INFO - Modelo all-MiniLM-L6-v2 cargado. Dimensión: 384
2025-08-13 14:21:43,780 - INFO - Cargando documentos por prioridad...
2025-08-13 14:21:43,781 - INFO - No hay documentos para cpeum
2025-08-13 14:21:43,781 - INFO - No hay documentos para leyes_federales
2025-08-13 14:21:43,782 - INFO - No hay documentos para reglamentos_federales
2025-08-13 14:21:43,782 - INFO - No hay documentos para dof
2025-08-13 14:21:43,783 - INFO - Proceso completado. Total de vectores insertados: 0
